fla_045.sfl
dst\datespot_chara_031.tga
dst\datespot_chara_030.tga
dst\datespot_chara_029.tga
dst\datespot_chara_028.tga
dst\datespot_chara_027.tga
dst\datespot_chara_026.tga
dst\datespot_chara_025.tga
dst\datespot_chara_024.tga
dst\datespot_chara_023.tga
dst\datespot_chara_022.tga
dst\datespot_chara_021.tga
dst\datespot_chara_020.tga
dst\datespot_chara_019.tga
dst\datespot_chara_018.tga
dst\datespot_chara_017.tga
dst\datespot_chara_016.tga
dst\datespot_chara_015.tga
dst\datespot_chara_014.tga
dst\datespot_chara_013.tga
dst\datespot_chara_012.tga
dst\datespot_chara_011.tga
dst\datespot_chara_010.tga
dst\datespot_chara_009.tga
dst\datespot_chara_008.tga
dst\datespot_chara_007.tga
dst\datespot_chara_006.tga
dst\datespot_chara_005.tga
dst\datespot_chara_004.tga
dst\datespot_chara_003.tga
dst\datespot_chara_002.tga
dst\datespot_chara_001.tga
dst\datespot_chara_000.tga
dst\datespot_tx_000.tga
dst\datespot_go_000.tga
dst\datespot_map_000.tga
dst\datespot_list_zab_000.tga
dst\datespot_map_point_000.tga
..\..\..\..\jp\cg\sv_common\dst\beta.tga
