..\..\..\\all\cg\tex_system\dst\adv_arrow_ico.tga
..\..\..\all\cg\tex_system\dst\adv_reaction_cursor000.tga
..\..\..\all\cg\tex_system\dst\adv_reaction_cursor001.tga
..\..\..\all\cg\tex_system\dst\adv_reaction_cursor002.tga
..\..\..\all\cg\tex_system\dst\button_icn_000.tga
..\..\..\all\cg\tex_system\dst\button_icn_001.tga
..\..\..\all\cg\tex_system\dst\button_icn_002.tga
..\..\..\all\cg\tex_system\dst\button_icn_003.tga
..\..\..\all\cg\tex_system\dst\button_icn_004.tga
..\..\..\all\cg\tex_system\dst\button_icn_005.tga
..\..\..\all\cg\tex_system\dst\button_icn_006.tga
..\..\..\all\cg\tex_system\dst\button_icn_007.tga
..\..\..\all\cg\tex_system\dst\button_icn_008.tga
..\..\..\all\cg\tex_system\dst\button_icn_009.tga
dst\button_icn_010.tga
dst\button_icn_011.tga
dst\button_icn_012.tga
dst\button_icn_013.tga
..\..\..\all\cg\tex_system\dst\button_icn_014.tga
..\..\..\all\cg\tex_system\dst\button_icn_015.tga
..\..\..\all\cg\tex_system\dst\button_icn_016.tga
dst\button_l_icn_000.tga
dst\button_l_icn_001.tga
dst\button_r_icn_000.tga
dst\button_r_icn_001.tga
..\..\..\all\cg\tex_system\dst\circle_shadow.tga
..\..\..\all\cg\tex_system\dst\hit_circle.tga
..\..\..\all\cg\tex_system\dst\hit_square.tga
..\..\..\all\cg\tex_system\dst\message_ico_000.tga
..\..\..\all\cg\tex_system\dst\message_ico_001.tga
..\..\..\all\cg\tex_system\dst\message_ico_002.tga
..\..\..\all\cg\tex_system\dst\visualizer_anime_000_000.tga
..\..\..\all\cg\tex_system\dst\visualizer_anime_000_001.tga
..\..\..\all\cg\tex_system\dst\visualizer_anime_000_002.tga
..\..\..\all\cg\tex_system\dst\visualizer_anime_001_000.tga
..\..\..\all\cg\tex_system\dst\visualizer_anime_001_001.tga
..\..\..\all\cg\tex_system\dst\visualizer_anime_001_002.tga
..\..\..\all\cg\tex_system\dst\visualizer_frame_000.tga
..\..\..\all\cg\tex_system\dst\visualizer_frame_001.tga
..\..\..\all\cg\tex_system\dst\visualizer_frame_002.tga
..\..\..\all\cg\tex_system\dst\visualizer_meter_000.tga
..\..\..\all\cg\tex_system\dst\visualizer_meter_001.tga
..\..\..\all\cg\tex_system\dst\visualizer_meter_002.tga
..\..\..\all\cg\tex_system\dst\visualizer_meter_on_000.tga
dst\visualizer_tx_000.tga
