sv_kodo_set.sfl
dst\sv_kodoset_charalist_zab_000_1.tga
dst\sv_hp_updn_arrow_003.tga
dst\sv_hp_updn_arrow_002.tga
dst\sv_hp_updn_arrow_001.tga
dst\sv_hp_updn_arrow_000.tga
dst\num_lv_000.tga
..\..\..\..\jp\cg\sv_common\dst\dotchara_face_015.tga
..\..\..\..\jp\cg\sv_common\dst\dotchara_face_014.tga
..\..\..\..\jp\cg\sv_common\dst\dotchara_face_013.tga
..\..\..\..\jp\cg\sv_common\dst\dotchara_face_012.tga
..\..\..\..\jp\cg\sv_common\dst\dotchara_face_011.tga
..\..\..\..\jp\cg\sv_common\dst\dotchara_face_010.tga
..\..\..\..\jp\cg\sv_common\dst\dotchara_face_009.tga
..\..\..\..\jp\cg\sv_common\dst\dotchara_face_008.tga
..\..\..\..\jp\cg\sv_common\dst\dotchara_face_007.tga
..\..\..\..\jp\cg\sv_common\dst\dotchara_face_006.tga
..\..\..\..\jp\cg\sv_common\dst\dotchara_face_005.tga
..\..\..\..\jp\cg\sv_common\dst\dotchara_face_004.tga
..\..\..\..\jp\cg\sv_common\dst\dotchara_face_003.tga
..\..\..\..\jp\cg\sv_common\dst\dotchara_face_002.tga
..\..\..\..\jp\cg\sv_common\dst\dotchara_face_001.tga
..\..\..\..\jp\cg\sv_common\dst\dotchara_face_000.tga
..\..\..\..\jp\cg\sv_common\dst\bt_r1.tga
..\..\..\..\jp\cg\sv_common\dst\bt_l1.tga
dst\sv_kodoset_charalist_zab_002.tga
dst\sv_bt_square_000.tga
..\..\..\..\jp\cg\sv_common\dst\beta.tga
dst\sv_sozai_mark_icon_000.tga
dst\sv_sozai_mark_icon_001.tga
..\..\..\..\jp\cg\sv_common\dst\help_tx_000.tga
dst\sv_kodo_arrow_000.tga
dst\sv_down_img_000.tga
dst\sv_kodoset_kodoinfo_zab_l_002.tga
dst\sv_kodoset_kodoinfo_zab_l_001.tga
dst\sv_kodoset_kodoinfo_zab_l_000.tga
dst\sv_kodoset_kodoicon_zab_002.tga
dst\sv_kodoset_kodoicon_zab_001.tga
dst\sv_kodoset_kodoicon_zab_003.tga
dst\sv_kodoset_kodoicon_012.tga
dst\sv_kodoset_kodoicon_nomal_000.tga
dst\sv_kodoset_kodoicon_down_000.tga
dst\sv_kodoset_kodoinfo_down_000.tga
dst\sv_menu_title_tx_001.tga
dst\sv_sozai_mappoint_000.tga
dst\sv_sozai_mappoint_001.tga
dst\sv_kodoset_kodo_name_011.tga
dst\sv_kodoset_kodo_name_010.tga
dst\sv_kodoset_kodo_name_009.tga
dst\sv_kodoset_kodo_name_008.tga
dst\sv_kodoset_kodo_name_007.tga
dst\sv_kodoset_kodo_name_006.tga
dst\sv_kodoset_kodo_name_005.tga
dst\sv_kodoset_kodo_name_004.tga
dst\sv_kodoset_kodo_name_003.tga
dst\sv_kodoset_kodo_name_002.tga
dst\sv_kodoset_kodo_name_001.tga
dst\sv_kodoset_kodo_name_000.tga
dst\sv_kodoset_bt_fin_000.tga
dst\sv_kodoset_boygirl_switch_001.tga
dst\sv_kodoset_boygirl_switch_000.tga
..\..\..\..\jp\cg\sv_common\dst\sv_sozai_category_icon_004.tga
..\..\..\..\jp\cg\sv_common\dst\sv_sozai_category_icon_003.tga
..\..\..\..\jp\cg\sv_common\dst\sv_sozai_category_icon_002.tga
..\..\..\..\jp\cg\sv_common\dst\sv_sozai_category_icon_001.tga
..\..\..\..\jp\cg\sv_common\dst\sv_sozai_category_icon_000.tga
dst\sv_num_lv_000.tga
dst\sv_kodoset_seiketsudo_zab_000.tga
dst\sv_kodoset_kodoinfo_zab_r_000.tga
dst\sv_kodoset_kodoinfo_zab2_000.tga
dst\sv_kodoset_kodoicon_zab_000.tga
dst\sv_kodoset_kodoicon_011.tga
dst\sv_kodoset_kodoicon_010.tga
dst\sv_kodoset_kodoicon_009.tga
dst\sv_kodoset_kodoicon_008.tga
dst\sv_kodoset_kodoicon_007.tga
dst\sv_kodoset_kodoicon_006.tga
dst\sv_kodoset_kodoicon_005.tga
dst\sv_kodoset_kodoicon_004.tga
dst\sv_kodoset_kodoicon_003.tga
dst\sv_kodoset_kodoicon_002.tga
dst\sv_kodoset_kodoicon_001.tga
dst\sv_kodoset_kodoicon_000.tga
dst\sv_kodoset_hp_icon_000.tga
dst\sv_kodoset_hp_icon2_000.tga
dst\sv_kodoset_charalist_zab_001.tga
dst\sv_kodoset_charalist_zab_000.tga
