H:\Danganronpa\Development\Source\grp\dr1\jp\cg\tex_briefing\dst\briefing_beta_000.tga
H:\Danganronpa\Development\Source\grp\dr1\jp\cg\tex_briefing\dst\briefing_bg_000.tga
H:\Danganronpa\Development\Source\grp\dr1\jp\cg\tex_briefing\dst\briefing_bgimg_000.tga
H:\Danganronpa\Development\Source\grp\dr1\jp\cg\tex_briefing\dst\briefing_chapter_tx_000.tga
H:\Danganronpa\Development\Source\grp\dr1\jp\cg\tex_briefing\dst\briefing_chapter_tx_001.tga
H:\Danganronpa\Development\Source\grp\dr1\jp\cg\tex_briefing\dst\briefing_chapter_tx_002.tga
H:\Danganronpa\Development\Source\grp\dr1\jp\cg\tex_briefing\dst\briefing_chapter_tx_003.tga
H:\Danganronpa\Development\Source\grp\dr1\jp\cg\tex_briefing\dst\briefing_chapter_tx_004.tga
H:\Danganronpa\Development\Source\grp\dr1\jp\cg\tex_briefing\dst\briefing_chapter_tx_005.tga
H:\Danganronpa\Development\Source\grp\dr1\jp\cg\tex_briefing\dst\briefing_chapter_tx_006.tga
H:\Danganronpa\Development\Source\grp\dr1\jp\cg\tex_briefing\dst\briefing_cylinder_000.tga
H:\Danganronpa\Development\Source\grp\dr1\jp\cg\tex_briefing\dst\briefing_diagnal_000.tga
H:\Danganronpa\Development\Source\grp\dr1\jp\cg\tex_briefing\dst\briefing_equip_icn_000.tga
H:\Danganronpa\Development\Source\grp\dr1\jp\cg\tex_briefing\dst\briefing_sp_num.tga
H:\Danganronpa\Development\Source\grp\dr1\jp\cg\tex_briefing\dst\briefing_sp_tx_000.tga
H:\Danganronpa\Development\Source\grp\dr1\jp\cg\tex_briefing\dst\briefing_title_jp_000.tga
H:\Danganronpa\Development\Source\grp\dr1\jp\cg\tex_briefing\dst\briefing_title_jp_001.tga
H:\Danganronpa\Development\Source\grp\dr1\jp\cg\tex_briefing\dst\briefing_title_jp_002.tga
H:\Danganronpa\Development\Source\grp\dr1\jp\cg\tex_briefing\dst\briefing_title_jp_003.tga
H:\Danganronpa\Development\Source\grp\dr1\jp\cg\tex_briefing\dst\briefing_title_tx_000.tga
H:\Danganronpa\Development\Source\grp\dr1\jp\cg\tex_briefing\dst\briefing_title_tx_001.tga
H:\Danganronpa\Development\Source\grp\dr1\jp\cg\tex_briefing\dst\briefing_title_tx_002.tga
H:\Danganronpa\Development\Source\grp\dr1\jp\cg\tex_briefing\dst\briefing_title_tx_003.tga
H:\Danganronpa\Development\Source\grp\dr1\jp\cg\tex_briefing\dst\grid_line_across_000.tga
H:\Danganronpa\Development\Source\grp\dr1\jp\cg\tex_briefing\dst\grid_line_sideways_000.tga
H:\Danganronpa\Development\Source\grp\dr1\jp\cg\tex_briefing\dst\sgiron_gauge_icn_000.tga
H:\Danganronpa\Development\Source\grp\dr1\jp\cg\tex_briefing\dst\sgiron_gauge_icn_001.tga
