sv_kodo.sfl
dst\sv_kodo_current_state_000.tga
dst\sv_kodo_saisyulist_tx_000.tga
dst\sv_kodo_current_state_001.tga
dst\sv_kodo_headder_bg_000.tga
..\..\..\..\jp\cg\sv_common\dst\num_000.tga
..\..\..\..\jp\cg\sv_common\dst\num.tga
..\..\..\..\jp\cg\sv_common\dst\sv_sozai_category_icon_004.tga
..\..\..\..\jp\cg\sv_common\dst\sv_sozai_category_icon_003.tga
..\..\..\..\jp\cg\sv_common\dst\sv_sozai_category_icon_002.tga
..\..\..\..\jp\cg\sv_common\dst\sv_sozai_category_icon_001.tga
..\..\..\..\jp\cg\sv_common\dst\sv_sozai_category_icon_000.tga
dst\sv_kodo_bg_000.tga
dst\sv_kodo_bg_001.tga
dst\sv_kodo_bg_002.tga
dst\sv_kodo_bg_003.tga
dst\sv_kodo_bg_004.tga
dst\sv_kodo_bg_005.tga
dst\sv_kodo_bg_006.tga
dst\sv_kodo_bg_007.tga
dst\sv_kodo_bg_008.tga
dst\sv_kodo_bg_009.tga
dst\sv_kodo_bg_010.tga
dst\sv_kodo_bg_011.tga
dst\sv_kodo_bg_012.tga
dst\sv_kodo_result_waku_000.tga
dst\sv_kodo_bt_001.tga
dst\sv_kodo_bt_000.tga
..\..\..\..\jp\cg\sv_common\dst\beta.tga
dst\sv_shojihin_seiketsugauge_waku_000.tga
