H:\Danganronpa\Development\Source\grp\dr1\jp\cg\climax_01\dst\ch1_comic_000.tga
H:\Danganronpa\Development\Source\grp\dr1\jp\cg\climax_01\dst\ch1_comic_001.tga
H:\Danganronpa\Development\Source\grp\dr1\jp\cg\climax_01\dst\ch1_comic_002.tga
H:\Danganronpa\Development\Source\grp\dr1\jp\cg\climax_01\dst\ch1_comic_003.tga
H:\Danganronpa\Development\Source\grp\dr1\jp\cg\climax_01\dst\ch1_comic_004.tga
H:\Danganronpa\Development\Source\grp\dr1\jp\cg\climax_01\dst\ch1_comic_005.tga
H:\Danganronpa\Development\Source\grp\dr1\jp\cg\climax_01\dst\ch1_comic_006.tga
H:\Danganronpa\Development\Source\grp\dr1\jp\cg\climax_01\dst\ch1_comic_007.tga
H:\Danganronpa\Development\Source\grp\dr1\jp\cg\climax_01\dst\ch1_comic_008.tga
H:\Danganronpa\Development\Source\grp\dr1\jp\cg\climax_01\dst\ch1_comic_009.tga
H:\Danganronpa\Development\Source\grp\dr1\jp\cg\climax_01\dst\ch1_koma_000.tga
H:\Danganronpa\Development\Source\grp\dr1\jp\cg\climax_01\dst\ch1_koma_001.tga
H:\Danganronpa\Development\Source\grp\dr1\jp\cg\climax_01\dst\ch1_koma_002.tga
H:\Danganronpa\Development\Source\grp\dr1\jp\cg\climax_01\dst\ch1_koma_003.tga
H:\Danganronpa\Development\Source\grp\dr1\jp\cg\climax_01\dst\ch1_koma_004.tga
H:\Danganronpa\Development\Source\grp\dr1\jp\cg\climax_01\dst\ch1_koma_005.tga
H:\Danganronpa\Development\Source\grp\dr1\jp\cg\climax_01\dst\ch1_koma_006.tga
H:\Danganronpa\Development\Source\grp\dr1\jp\cg\climax_01\dst\ch1_koma_007.tga
H:\Danganronpa\Development\Source\grp\dr1\jp\cg\climax_01\dst\ch1_koma_008.tga
H:\Danganronpa\Development\Source\grp\dr1\jp\cg\climax_01\dst\ch1_koma_009.tga
H:\Danganronpa\Development\Source\grp\dr1\jp\cg\climax_01\dst\ch1_koma_010.tga
H:\Danganronpa\Development\Source\grp\dr1\jp\cg\climax_01\dst\ch1_koma_011.tga
H:\Danganronpa\Development\Source\grp\dr1\jp\cg\climax_01\dst\ch1_koma_012.tga
