monokuma16.sfl
dst\gkj_curtain_a_000.tga
dst\gkj_curtain_a_001.tga
dst\gkj_curtain_a_002.tga
dst\gkj_curtain_a_003.tga
dst\gkj_curtain_b_000.tga
dst\gkj_curtain_b_001.tga
dst\gkj_curtain_b_002.tga
dst\gkj_curtain_b_003.tga
dst\gkj_tx_000.tga
dst\gkj_bg_000.tga
dst\gkj_bg_001.tga
dst\gkj_bk_000.tga
dst\gkj_frame_000.tga
dst\gkj_frame_001.tga
dst\gkj_frame_002.tga
dst\gkj_frame_003.tga
dst\gkj_title_000.tga
dst\gkj_title_001.tga
dst\gkj_monokuma_000.tga
dst\gkj_monokuma_001.tga
dst\gkj_sakura_000.tga
dst\gkj_hata_000.tga
dst\gkj_f1_000.tga
dst\gkj_globe_000.tga
dst\gkj_globe_001.tga
dst\gkj_hasami_000.tga
dst\gkj_hasami_001.tga
dst\gkj_nori_000.tga
dst\gkj_mirror_000.tga
dst\gkj_mirror_001.tga
dst\gkj_mirror_002.tga
dst\gkj_calendar_000.tga
dst\gkj_calendar_001.tga
dst\gkj_gun_000.tga
dst\gkj_gun_001.tga
dst\gkj_baby_000.tga
dst\gkj_baby_001.tga
dst\gkj_baby_002.tga
dst\gkj_tvgame_000.tga
dst\gkj_tvgame_001.tga
dst\gkj_tvgame_002.tga
dst\gkj_moti_000.tga
dst\gkj_moti_001.tga
dst\gkj_moti_002.tga
dst\gkj_moti_003.tga
dst\gkj_judge_000.tga
dst\gkj_judge_001.tga
dst\gkj_crab_000.tga
dst\gkj_crab_001.tga
dst\gkj_crab_002.tga
dst\gkj_game_000.tga
dst\gkj_game_001.tga
dst\gkj_crab_b_000.tga
dst\gkj_tv_000.tga
dst\gkj_tv_001.tga
dst\gkj_tv_002.tga
dst\gkj_tv_003.tga
dst\gkj_tv_004.tga
dst\gkj_tv_005.tga
dst\gkj_tv_006.tga
