H:\Danganronpa\Development\Source\grp\dr1\jp\cg\tex_system_guide\dst\system_guide_arrow_icn_000.tga
H:\Danganronpa\Development\Source\grp\dr1\jp\cg\tex_system_guide\dst\system_guide_bg_000.tga
H:\Danganronpa\Development\Source\grp\dr1\jp\cg\tex_system_guide\dst\system_guide_bg_001.tga
H:\Danganronpa\Development\Source\grp\dr1\jp\cg\tex_system_guide\dst\system_guide_bg_002.tga
H:\Danganronpa\Development\Source\grp\dr1\jp\cg\tex_system_guide\dst\system_guide_bg_003.tga
H:\Danganronpa\Development\Source\grp\dr1\jp\cg\tex_system_guide\dst\system_guide_cursor_000.tga
H:\Danganronpa\Development\Source\grp\dr1\jp\cg\tex_system_guide\dst\system_guide_deco_pl_000.tga
H:\Danganronpa\Development\Source\grp\dr1\jp\cg\tex_system_guide\dst\system_guide_monokuma_icn_000.tga
H:\Danganronpa\Development\Source\grp\dr1\jp\cg\tex_system_guide\dst\system_guide_pl_000.tga
H:\Danganronpa\Development\Source\grp\dr1\jp\cg\tex_system_guide\dst\system_guide_pl_001.tga
H:\Danganronpa\Development\Source\grp\dr1\jp\cg\tex_system_guide\dst\system_guide_pl_002.tga
H:\Danganronpa\Development\Source\grp\dr1\jp\cg\tex_system_guide\dst\system_guide_pl_003.tga
H:\Danganronpa\Development\Source\grp\dr1\jp\cg\tex_system_guide\dst\system_guide_title_pl_000.tga
H:\Danganronpa\Development\Source\grp\dr1\jp\cg\tex_system_guide\dst\system_guide_title_pl_001.tga
H:\Danganronpa\Development\Source\grp\dr1\jp\cg\tex_system_guide\dst\system_guide_title_pl_002.tga
H:\Danganronpa\Development\Source\grp\dr1\jp\cg\tex_system_guide\dst\system_guide_title_pl_003.tga
H:\Danganronpa\Development\Source\grp\dr1\jp\cg\tex_system_guide\dst\system_guide_tx_000.tga
