..\..\..\\all\cg\tex_menu\dst\menu_arrow_icn_000.tga
..\..\..\\all\cg\tex_menu\dst\menu_arrow_icn_001.tga
..\..\..\\all\cg\tex_menu\dst\menu_arrow_icn_l_000.tga
..\..\..\\all\cg\tex_menu\dst\menu_arrow_icn_l_001.tga
..\..\..\\all\cg\tex_menu\dst\menu_command_icn_000.tga
..\..\..\\all\cg\tex_menu\dst\menu_command_icn_001.tga
..\..\..\\all\cg\tex_menu\dst\menu_command_icn_002.tga
..\..\..\\all\cg\tex_menu\dst\menu_command_icn_003.tga
dst\menu_command_icn_004.tga
..\..\..\\all\cg\tex_menu\dst\menu_command_icn_005.tga
..\..\..\\all\cg\tex_menu\dst\menu_command_icn_006.tga
..\..\..\\all\cg\tex_menu\dst\menu_command_icn_007.tga
..\..\..\\all\cg\tex_menu\dst\menu_command_icn_008.tga
..\..\..\\all\cg\tex_menu\dst\menu_command_icn_009.tga
..\..\..\\all\cg\tex_menu\dst\menu_command_icn_010.tga
..\..\..\\all\cg\tex_menu\dst\menu_command_pl_000.tga
..\..\..\\all\cg\tex_menu\dst\menu_command_pl_001.tga
..\..\..\\all\cg\tex_menu\dst\menu_cursor_000.tga
..\..\..\\all\cg\tex_menu\dst\menu_cursor_001.tga
dst\menu_item_num.tga
..\..\..\\all\cg\tex_menu\dst\menu_koushou_icn.tga
..\..\..\\all\cg\tex_menu\dst\menu_kp_select_pl_000.tga
..\..\..\\all\cg\tex_menu\dst\menu_kp_select_pl_001.tga
..\..\..\\all\cg\tex_menu\dst\menu_list_pl.tga
..\..\..\\all\cg\tex_menu\dst\menu_list_pl_000.tga
..\..\..\\all\cg\tex_menu\dst\menu_load_ef.tga
..\..\..\\all\cg\tex_menu\dst\menu_medal_icn.tga
dst\menu_medal_num.tga
..\..\..\\all\cg\tex_menu\dst\menu_message_pl.tga
..\..\..\\all\cg\tex_menu\dst\menu_noise_ef.tga
dst\menu_page_num.tga
..\..\..\\all\cg\tex_menu\dst\menu_pl_000.tga
..\..\..\\all\cg\tex_menu\dst\menu_pl_000_001.tga
..\..\..\\all\cg\tex_menu\dst\menu_pl_001.tga
..\..\..\\all\cg\tex_menu\dst\menu_pl_001_001.tga
dst\menu_pl_002.tga
..\..\..\\all\cg\tex_menu\dst\menu_pl_002_001.tga
..\..\..\\all\cg\tex_menu\dst\menu_pl_top_000.tga
..\..\..\\all\cg\tex_menu\dst\menu_radar_ef.tga
..\..\..\\all\cg\tex_menu\dst\menu_reading_icn_000.tga
..\..\..\\all\cg\tex_menu\dst\menu_reading_icn_001.tga
dst\menu_reading_icn_002.tga
dst\menu_reading_tx.tga
dst\menu_rule_num.tga
..\..\..\\all\cg\tex_menu\dst\menu_rule_pl.tga
..\..\..\\all\cg\tex_menu\dst\menu_rule_shield_pl.tga
..\..\..\\all\cg\tex_menu\dst\menu_scroll_arrow_000.tga
..\..\..\\all\cg\tex_menu\dst\menu_scroll_arrow_001.tga
..\..\..\\all\cg\tex_menu\dst\menu_scroll_bar_000.tga
..\..\..\\all\cg\tex_menu\dst\menu_scroll_bar_001.tga
..\..\..\\all\cg\tex_menu\dst\menu_scroll_base_000.tga
..\..\..\\all\cg\tex_menu\dst\menu_scroll_base_001.tga
..\..\..\\all\cg\tex_menu\dst\menu_select_pl_000.tga
..\..\..\\all\cg\tex_menu\dst\menu_select_pl_001.tga
..\..\..\\all\cg\tex_menu\dst\menu_select_pl_l_000.tga
..\..\..\\all\cg\tex_menu\dst\menu_select_pl_l_001.tga
..\..\..\\all\cg\tex_menu\dst\menu_select_pl_l_002.tga
..\..\..\\all\cg\tex_menu\dst\menu_select_pl_l_003.tga
..\..\..\\all\cg\tex_menu\dst\menu_select_pl_l_white_000.tga
..\..\..\\all\cg\tex_menu\dst\menu_select_pl_l_white_001.tga
..\..\..\\all\cg\tex_menu\dst\menu_subject_pl_000.tga
..\..\..\\all\cg\tex_menu\dst\menu_subject_pl_001.tga
