H:\Danganronpa\Development\Source\grp\dr1\jp\cg\climax_04\dst\ch4_comic_000.tga
H:\Danganronpa\Development\Source\grp\dr1\jp\cg\climax_04\dst\ch4_comic_001.tga
H:\Danganronpa\Development\Source\grp\dr1\jp\cg\climax_04\dst\ch4_comic_002.tga
H:\Danganronpa\Development\Source\grp\dr1\jp\cg\climax_04\dst\ch4_comic_003.tga
H:\Danganronpa\Development\Source\grp\dr1\jp\cg\climax_04\dst\ch4_comic_004.tga
H:\Danganronpa\Development\Source\grp\dr1\jp\cg\climax_04\dst\ch4_comic_005.tga
H:\Danganronpa\Development\Source\grp\dr1\jp\cg\climax_04\dst\ch4_comic_006.tga
H:\Danganronpa\Development\Source\grp\dr1\jp\cg\climax_04\dst\ch4_comic_007.tga
H:\Danganronpa\Development\Source\grp\dr1\jp\cg\climax_04\dst\ch4_comic_008.tga
H:\Danganronpa\Development\Source\grp\dr1\jp\cg\climax_04\dst\ch4_comic_009.tga
H:\Danganronpa\Development\Source\grp\dr1\jp\cg\climax_04\dst\ch4_koma_000.tga
H:\Danganronpa\Development\Source\grp\dr1\jp\cg\climax_04\dst\ch4_koma_001.tga
H:\Danganronpa\Development\Source\grp\dr1\jp\cg\climax_04\dst\ch4_koma_002.tga
H:\Danganronpa\Development\Source\grp\dr1\jp\cg\climax_04\dst\ch4_koma_003.tga
H:\Danganronpa\Development\Source\grp\dr1\jp\cg\climax_04\dst\ch4_koma_004.tga
H:\Danganronpa\Development\Source\grp\dr1\jp\cg\climax_04\dst\ch4_koma_005.tga
H:\Danganronpa\Development\Source\grp\dr1\jp\cg\climax_04\dst\ch4_koma_006.tga
H:\Danganronpa\Development\Source\grp\dr1\jp\cg\climax_04\dst\ch4_koma_007.tga
H:\Danganronpa\Development\Source\grp\dr1\jp\cg\climax_04\dst\ch4_koma_008.tga
H:\Danganronpa\Development\Source\grp\dr1\jp\cg\climax_04\dst\ch4_koma_009.tga
H:\Danganronpa\Development\Source\grp\dr1\jp\cg\climax_04\dst\ch4_koma_010.tga
H:\Danganronpa\Development\Source\grp\dr1\jp\cg\climax_04\dst\ch4_koma_011.tga
H:\Danganronpa\Development\Source\grp\dr1\jp\cg\climax_04\dst\ch4_koma_012.tga
H:\Danganronpa\Development\Source\grp\dr1\jp\cg\climax_04\dst\ch4_koma_013.tga
H:\Danganronpa\Development\Source\grp\dr1\jp\cg\climax_04\dst\ch4_koma_014.tga
H:\Danganronpa\Development\Source\grp\dr1\jp\cg\climax_04\dst\ch4_koma_015.tga
H:\Danganronpa\Development\Source\grp\dr1\jp\cg\climax_04\dst\ch4_koma_016.tga
