fla_039.sfl
..\..\..\..\..\..\bin\dr1\data\us\cg\scribble_000.tga
dst\bustup_usami_004.tga
dst\bustup_usami_003.tga
dst\bustup_usami_001.tga
dst\mark_frag_000.tga
..\..\..\cg\sv_common\dst\sv_menu_bg_000.tga
..\..\..\cg\sv_menu_prize\dst\sv_menu_prize_tx_009.tga
..\..\..\cg\sv_menu_prize\dst\sv_menu_prize_tx_008.tga
..\..\..\cg\sv_menu_prize\dst\sv_menu_prize_tx_007.tga
..\..\..\cg\sv_menu_prize\dst\sv_menu_prize_tx_006.tga
..\..\..\cg\sv_menu_prize\dst\sv_menu_prize_tx_005.tga
..\..\..\cg\sv_menu_prize\dst\sv_menu_prize_tx_004.tga
..\..\..\cg\sv_menu_prize\dst\sv_menu_prize_tx_003.tga
..\..\..\cg\sv_menu_prize\dst\sv_menu_prize_tx_002.tga
..\..\..\cg\sv_menu_prize\dst\sv_menu_prize_tx_001.tga
..\..\..\cg\sv_menu_prize\dst\sv_menu_prize_tx_000.tga
..\..\..\cg\sv_menu_prize\dst\sv_menu_num_handwriting_009.tga
..\..\..\cg\sv_menu_prize\dst\sv_menu_num_handwriting_008.tga
..\..\..\cg\sv_menu_prize\dst\sv_menu_num_handwriting_007.tga
..\..\..\cg\sv_menu_prize\dst\sv_menu_num_handwriting_006.tga
..\..\..\cg\sv_menu_prize\dst\sv_menu_num_handwriting_005.tga
..\..\..\cg\sv_menu_prize\dst\sv_menu_num_handwriting_004.tga
..\..\..\cg\sv_menu_prize\dst\sv_menu_num_handwriting_003.tga
..\..\..\cg\sv_menu_prize\dst\sv_menu_num_handwriting_002.tga
..\..\..\cg\sv_menu_prize\dst\sv_menu_num_handwriting_001.tga
..\..\..\cg\sv_menu_prize\dst\sv_menu_num_handwriting_000.tga
..\..\..\cg\sv_common\dst\num_000.tga
..\..\..\cg\sv_common\dst\num.tga
..\..\..\cg\sv_common\dst\beta.tga
