sv_shojihin.sfl
dst\sv_shojihin_seiketsugauge_waku_000.tga
dst\sv_shojihin_seiketsugauge_waku_001.tga
dst\sv_shojihin_charalist_zab_000.tga
dst\sv_shojihin_charalist_true_001.tga
dst\sv_shojihin_charalist_true_002.tga
dst\sv_shojihin_charalist_true_003.tga
dst\sv_shojihin_charalist_true_000.tga
dst\sv_kodoset_hp_icon2_000.tga
..\..\..\..\us\cg\sv_common\dst\num_lv_000.tga
..\..\..\..\us\cg\sv_common\dst\sv_sozai_category_icon_010.tga
..\..\..\..\us\cg\sv_common\dst\sv_sozai_category_icon_009.tga
..\..\..\..\us\cg\sv_common\dst\sv_sozai_category_icon_008.tga
..\..\..\..\us\cg\sv_common\dst\sv_sozai_category_icon_007.tga
..\..\..\..\us\cg\sv_common\dst\sv_sozai_category_icon_006.tga
..\..\..\..\us\cg\sv_common\dst\sv_sozai_category_icon_005.tga
..\..\..\..\us\cg\sv_common\dst\sv_sozai_category_icon_004.tga
..\..\..\..\us\cg\sv_common\dst\sv_sozai_category_icon_003.tga
..\..\..\..\us\cg\sv_common\dst\sv_sozai_category_icon_002.tga
..\..\..\..\us\cg\sv_common\dst\sv_sozai_category_icon_001.tga
..\..\..\..\us\cg\sv_common\dst\sv_sozai_category_icon_000.tga
..\..\..\..\us\cg\sv_common\dst\sv_num_lv_000.tga
dst\sv_kodoset_hp_icon_000.tga
dst\sv_shojihin_tab_004.tga
dst\sv_shojihin_tab_003.tga
dst\sv_shojihin_tab_002.tga
dst\sv_shojihin_tab_001.tga
dst\sv_shojihin_tab_000.tga
dst\sv_shojihin_list_fuchi_top_004.tga
dst\sv_shojihin_list_fuchi_top_003.tga
dst\sv_shojihin_list_fuchi_top_002.tga
dst\sv_shojihin_list_fuchi_top_001.tga
dst\sv_shojihin_list_fuchi_top_000.tga
dst\sv_shojihin_list_fuchi_btm_004.tga
dst\sv_shojihin_list_fuchi_btm_003.tga
dst\sv_shojihin_list_fuchi_btm_002.tga
dst\sv_shojihin_list_fuchi_btm_001.tga
dst\sv_shojihin_list_fuchi_btm_000.tga
dst\sv_shojihin_bg_r_004.tga
dst\sv_shojihin_bg_r_003.tga
dst\sv_shojihin_bg_r_002.tga
dst\sv_shojihin_bg_r_001.tga
dst\sv_shojihin_bg_r_000.tga
..\..\..\..\us\cg\sv_common\dst\bt_l1.tga
..\..\..\..\us\cg\sv_common\dst\bt_r1.tga
dst\sv_shojihin_bt_use_001.tga
dst\sv_shojihin_bt_use_000.tga
dst\sv_menu_title_tx_003.tga
dst\sv_shojihin_bg_l_000.tga
..\..\..\..\us\cg\sv_common\dst\num_000_off.tga
..\..\..\..\us\cg\sv_common\dst\num_000.tga
..\..\..\..\us\cg\sv_common\dst\num.tga
..\..\..\..\us\cg\sv_common\dst\beta.tga
