C:\Work\dangan\Development\Source\grp\dr1\us\cg\climax_06\dst\ch6_comic_000.tga
C:\Work\dangan\Development\Source\grp\dr1\us\cg\climax_06\dst\ch6_comic_001.tga
C:\Work\dangan\Development\Source\grp\dr1\us\cg\climax_06\dst\ch6_comic_002.tga
C:\Work\dangan\Development\Source\grp\dr1\us\cg\climax_06\dst\ch6_comic_003.tga
C:\Work\dangan\Development\Source\grp\dr1\us\cg\climax_06\dst\ch6_comic_004.tga
C:\Work\dangan\Development\Source\grp\dr1\us\cg\climax_06\dst\ch6_comic_005.tga
C:\Work\dangan\Development\Source\grp\dr1\us\cg\climax_06\dst\ch6_comic_006.tga
C:\Work\dangan\Development\Source\grp\dr1\us\cg\climax_06\dst\ch6_koma_000.tga
C:\Work\dangan\Development\Source\grp\dr1\us\cg\climax_06\dst\ch6_koma_001.tga
C:\Work\dangan\Development\Source\grp\dr1\us\cg\climax_06\dst\ch6_koma_002.tga
C:\Work\dangan\Development\Source\grp\dr1\us\cg\climax_06\dst\ch6_koma_003.tga
C:\Work\dangan\Development\Source\grp\dr1\us\cg\climax_06\dst\ch6_koma_004.tga
C:\Work\dangan\Development\Source\grp\dr1\us\cg\climax_06\dst\ch6_koma_005.tga
C:\Work\dangan\Development\Source\grp\dr1\us\cg\climax_06\dst\ch6_koma_006.tga
C:\Work\dangan\Development\Source\grp\dr1\us\cg\climax_06\dst\ch6_koma_007.tga
C:\Work\dangan\Development\Source\grp\dr1\us\cg\climax_06\dst\ch6_koma_008.tga
C:\Work\dangan\Development\Source\grp\dr1\us\cg\climax_06\dst\ch6_koma_009.tga
C:\Work\dangan\Development\Source\grp\dr1\us\cg\climax_06\dst\ch6_koma_010.tga
C:\Work\dangan\Development\Source\grp\dr1\us\cg\climax_06\dst\ch6_koma_011.tga
C:\Work\dangan\Development\Source\grp\dr1\us\cg\climax_06\dst\ch6_koma_012.tga
C:\Work\dangan\Development\Source\grp\dr1\us\cg\climax_06\dst\ch6_koma_013.tga
C:\Work\dangan\Development\Source\grp\dr1\us\cg\climax_06\dst\ch6_koma_014.tga
C:\Work\dangan\Development\Source\grp\dr1\us\cg\climax_06\dst\ch6_koma_015.tga
