C:\Work\dangan\Development\Source\grp\dr1\us\cg\climax_02\dst\ch2_comic_000.tga
C:\Work\dangan\Development\Source\grp\dr1\us\cg\climax_02\dst\ch2_comic_001.tga
C:\Work\dangan\Development\Source\grp\dr1\us\cg\climax_02\dst\ch2_comic_002.tga
C:\Work\dangan\Development\Source\grp\dr1\us\cg\climax_02\dst\ch2_comic_003.tga
C:\Work\dangan\Development\Source\grp\dr1\us\cg\climax_02\dst\ch2_comic_004.tga
C:\Work\dangan\Development\Source\grp\dr1\us\cg\climax_02\dst\ch2_comic_005.tga
C:\Work\dangan\Development\Source\grp\dr1\us\cg\climax_02\dst\ch2_comic_006.tga
C:\Work\dangan\Development\Source\grp\dr1\us\cg\climax_02\dst\ch2_comic_007.tga
C:\Work\dangan\Development\Source\grp\dr1\us\cg\climax_02\dst\ch2_comic_008.tga
C:\Work\dangan\Development\Source\grp\dr1\us\cg\climax_02\dst\ch2_comic_009.tga
C:\Work\dangan\Development\Source\grp\dr1\us\cg\climax_02\dst\ch2_comic_010.tga
C:\Work\dangan\Development\Source\grp\dr1\us\cg\climax_02\dst\ch2_koma_000.tga
C:\Work\dangan\Development\Source\grp\dr1\us\cg\climax_02\dst\ch2_koma_001.tga
C:\Work\dangan\Development\Source\grp\dr1\us\cg\climax_02\dst\ch2_koma_002.tga
C:\Work\dangan\Development\Source\grp\dr1\us\cg\climax_02\dst\ch2_koma_003.tga
C:\Work\dangan\Development\Source\grp\dr1\us\cg\climax_02\dst\ch2_koma_004.tga
C:\Work\dangan\Development\Source\grp\dr1\us\cg\climax_02\dst\ch2_koma_005.tga
C:\Work\dangan\Development\Source\grp\dr1\us\cg\climax_02\dst\ch2_koma_006.tga
C:\Work\dangan\Development\Source\grp\dr1\us\cg\climax_02\dst\ch2_koma_007.tga
C:\Work\dangan\Development\Source\grp\dr1\us\cg\climax_02\dst\ch2_koma_008.tga
C:\Work\dangan\Development\Source\grp\dr1\us\cg\climax_02\dst\ch2_koma_009.tga
C:\Work\dangan\Development\Source\grp\dr1\us\cg\climax_02\dst\ch2_koma_010.tga
C:\Work\dangan\Development\Source\grp\dr1\us\cg\climax_02\dst\ch2_koma_011.tga
C:\Work\dangan\Development\Source\grp\dr1\us\cg\climax_02\dst\ch2_koma_012.tga
C:\Work\dangan\Development\Source\grp\dr1\us\cg\climax_02\dst\ch2_koma_013.tga
C:\Work\dangan\Development\Source\grp\dr1\us\cg\climax_02\dst\ch2_koma_014.tga
C:\Work\dangan\Development\Source\grp\dr1\us\cg\climax_02\dst\ch2_koma_015.tga
C:\Work\dangan\Development\Source\grp\dr1\us\cg\climax_02\dst\ch2_koma_016.tga
C:\Work\dangan\Development\Source\grp\dr1\us\cg\climax_02\dst\ch2_koma_017.tga
