sv_monozukuri.sfl
dst\sv_monozukuri_bt_002.tga
..\..\..\..\jp\cg\sv_common\dst\num_000_off.tga
..\..\..\..\jp\cg\sv_common\dst\sv_sozai_category_icon_010.tga
..\..\..\..\jp\cg\sv_common\dst\sv_sozai_category_icon_009.tga
..\..\..\..\jp\cg\sv_common\dst\sv_sozai_category_icon_008.tga
..\..\..\..\jp\cg\sv_common\dst\sv_sozai_category_icon_007.tga
..\..\..\..\jp\cg\sv_common\dst\sv_sozai_category_icon_006.tga
..\..\..\..\jp\cg\sv_common\dst\sv_sozai_category_icon_005.tga
..\..\..\..\jp\cg\sv_common\dst\sv_sozai_category_icon_004.tga
..\..\..\..\jp\cg\sv_common\dst\sv_sozai_category_icon_003.tga
..\..\..\..\jp\cg\sv_common\dst\sv_sozai_category_icon_002.tga
..\..\..\..\jp\cg\sv_common\dst\sv_sozai_category_icon_001.tga
..\..\..\..\jp\cg\sv_common\dst\sv_sozai_category_icon_000.tga
..\..\..\..\jp\cg\sv_common\dst\bt_l1.tga
..\..\..\..\jp\cg\sv_common\dst\bt_r1.tga
dst\sv_monozukuri_slash_000.tga
dst\sv_monozukuri_tab_003.tga
dst\sv_monozukuri_tab_002.tga
dst\sv_monozukuri_tab_001.tga
dst\sv_monozukuri_tab_000.tga
dst\sv_monozukuri_list_fuchi_top_003.tga
dst\sv_monozukuri_list_fuchi_top_002.tga
dst\sv_monozukuri_list_fuchi_top_001.tga
dst\sv_monozukuri_list_fuchi_top_000.tga
dst\sv_monozukuri_info_003.tga
dst\sv_monozukuri_info_002.tga
dst\sv_monozukuri_info_001.tga
dst\sv_monozukuri_info_000.tga
dst\sv_monozukuri_bt_001.tga
dst\sv_monozukuri_bt_000.tga
dst\sv_menu_title_tx_002.tga
dst\sv_monozukuri_list_fuchi_btm_003.tga
dst\sv_monozukuri_list_fuchi_btm_002.tga
dst\sv_monozukuri_list_fuchi_btm_001.tga
dst\sv_monozukuri_list_fuchi_btm_000.tga
dst\sv_monozukuri_info_tongari_003.tga
dst\sv_monozukuri_info_tongari_002.tga
dst\sv_monozukuri_info_tongari_001.tga
dst\sv_monozukuri_info_tongari_000.tga
dst\sv_monozukuri_bg_000.tga
..\..\..\..\jp\cg\sv_common\dst\num_000.tga
..\..\..\..\jp\cg\sv_common\dst\num.tga
..\..\..\..\jp\cg\sv_common\dst\beta.tga
