C:\Work\dangan\Development\Source\grp\dr1\us\cg\tex_cmn_name\dst\cmn_name_tx_000_000.tga
C:\Work\dangan\Development\Source\grp\dr1\us\cg\tex_cmn_name\dst\cmn_name_tx_001_000.tga
C:\Work\dangan\Development\Source\grp\dr1\us\cg\tex_cmn_name\dst\cmn_name_tx_002_000.tga
C:\Work\dangan\Development\Source\grp\dr1\us\cg\tex_cmn_name\dst\cmn_name_tx_003_000.tga
C:\Work\dangan\Development\Source\grp\dr1\us\cg\tex_cmn_name\dst\cmn_name_tx_004_000.tga
C:\Work\dangan\Development\Source\grp\dr1\us\cg\tex_cmn_name\dst\cmn_name_tx_005_000.tga
C:\Work\dangan\Development\Source\grp\dr1\us\cg\tex_cmn_name\dst\cmn_name_tx_006_000.tga
C:\Work\dangan\Development\Source\grp\dr1\us\cg\tex_cmn_name\dst\cmn_name_tx_007_000.tga
C:\Work\dangan\Development\Source\grp\dr1\us\cg\tex_cmn_name\dst\cmn_name_tx_008_000.tga
C:\Work\dangan\Development\Source\grp\dr1\us\cg\tex_cmn_name\dst\cmn_name_tx_009_000.tga
C:\Work\dangan\Development\Source\grp\dr1\us\cg\tex_cmn_name\dst\cmn_name_tx_010_000.tga
C:\Work\dangan\Development\Source\grp\dr1\us\cg\tex_cmn_name\dst\cmn_name_tx_011_000.tga
C:\Work\dangan\Development\Source\grp\dr1\us\cg\tex_cmn_name\dst\cmn_name_tx_012_000.tga
C:\Work\dangan\Development\Source\grp\dr1\us\cg\tex_cmn_name\dst\cmn_name_tx_013_000.tga
C:\Work\dangan\Development\Source\grp\dr1\us\cg\tex_cmn_name\dst\cmn_name_tx_014_000.tga
C:\Work\dangan\Development\Source\grp\dr1\us\cg\tex_cmn_name\dst\cmn_name_tx_015_000.tga
C:\Work\dangan\Development\Source\grp\dr1\us\cg\tex_cmn_name\dst\cmn_name_tx_016_000.tga
C:\Work\dangan\Development\Source\grp\dr1\us\cg\tex_cmn_name\dst\cmn_name_tx_017_000.tga
C:\Work\dangan\Development\Source\grp\dr1\us\cg\tex_cmn_name\dst\cmn_name_tx_018_000.tga
C:\Work\dangan\Development\Source\grp\dr1\us\cg\tex_cmn_name\dst\cmn_name_tx_019_000.tga
C:\Work\dangan\Development\Source\grp\dr1\us\cg\tex_cmn_name\dst\cmn_name_tx_020_000.tga
C:\Work\dangan\Development\Source\grp\dr1\us\cg\tex_cmn_name\dst\cmn_name_tx_021_000.tga
C:\Work\dangan\Development\Source\grp\dr1\us\cg\tex_cmn_name\dst\cmn_name_tx_022_000.tga
C:\Work\dangan\Development\Source\grp\dr1\us\cg\tex_cmn_name\dst\cmn_name_tx_024_000.tga
C:\Work\dangan\Development\Source\grp\dr1\us\cg\tex_cmn_name\dst\cmn_name_tx_025_000.tga
C:\Work\dangan\Development\Source\grp\dr1\us\cg\tex_cmn_name\dst\cmn_name_tx_030_000.tga
C:\Work\dangan\Development\Source\grp\dr1\us\cg\tex_cmn_name\dst\cmn_name_tx_031_000.tga
C:\Work\dangan\Development\Source\grp\dr1\us\cg\tex_cmn_name\dst\cmn_name_tx_033_000.tga
C:\Work\dangan\Development\Source\grp\dr1\us\cg\tex_cmn_name\dst\cmn_name_tx_034_000.tga
C:\Work\dangan\Development\Source\grp\dr1\us\cg\tex_cmn_name\dst\cmn_name_tx_035_000.tga
C:\Work\dangan\Development\Source\grp\dr1\us\cg\tex_cmn_name\dst\cmn_name_tx_036_000.tga
C:\Work\dangan\Development\Source\grp\dr1\us\cg\tex_cmn_name\dst\cmn_name_tx_037_000.tga
