end_4.sfl
dst\end_chip_000_000.tga
dst\end_chip_000_001.tga
dst\end_chip_000_002.tga
dst\end_chip_000_003.tga
dst\end_chip_000_004.tga
dst\end_chip_000_005.tga
dst\end_chip_000_006.tga
dst\end_chip_000_007.tga
dst\end_chip_000_008.tga
dst\end_chip_000_009.tga
dst\end_chip_000_010.tga
dst\end_chip_000_011.tga
dst\end_chip_000_012.tga
dst\end_chip_000_013.tga
dst\end_chip_000_014.tga
dst\end_ef_000_000.tga
dst\end_ef_000_001.tga
dst\end_ef_001_000.tga
dst\end_ef_001_001.tga
dst\end_ef_001_002.tga
dst\end_ef_001_003.tga
dst\end_ef_001_004.tga
dst\end_ef_001_005.tga
dst\end_ef_001_006.tga
dst\end_ef_001_007.tga
dst\end_ef_001_008.tga
dst\end_ef_001_010.tga
dst\end_ef_001_011.tga
dst\end_ef_001_012.tga
dst\end_ef_001_013.tga
dst\end_ef_001_014.tga
dst\end_ef_001_015.tga
dst\end_ef_003_000.tga
dst\end_num_000_000.tga
dst\end_pl_000_000.tga
dst\end_tx_000_003.tga
dst\end_tx_001_003.tga
dst\end_tx_002_000.tga
dst\end_tx_003_000.tga
dst\end_tx_003_001.tga
dst\end_tx_004_000.tga
dst\end_tx_005_000.tga
dst\end_chip_000_001b.tga
dst\end_chip_000_003b.tga
dst\end_chip_000_004b.tga
dst\end_chip_000_005b.tga
dst\end_chip_000_007b.tga
dst\end_chip_000_011b.tga
dst\end_chip_000_012b.tga
dst\end_chip_000_013b.tga
dst\end_chip_000_014b.tga
dst\end_chip_000_015.tga
dst\end_tx_005_001.tga
