H:\Danganronpa\Development\Source\grp\dr1\jp\cg\climax_02\dst\ch2_comic_000.tga
H:\Danganronpa\Development\Source\grp\dr1\jp\cg\climax_02\dst\ch2_comic_001.tga
H:\Danganronpa\Development\Source\grp\dr1\jp\cg\climax_02\dst\ch2_comic_002.tga
H:\Danganronpa\Development\Source\grp\dr1\jp\cg\climax_02\dst\ch2_comic_003.tga
H:\Danganronpa\Development\Source\grp\dr1\jp\cg\climax_02\dst\ch2_comic_004.tga
H:\Danganronpa\Development\Source\grp\dr1\jp\cg\climax_02\dst\ch2_comic_005.tga
H:\Danganronpa\Development\Source\grp\dr1\jp\cg\climax_02\dst\ch2_comic_006.tga
H:\Danganronpa\Development\Source\grp\dr1\jp\cg\climax_02\dst\ch2_comic_007.tga
H:\Danganronpa\Development\Source\grp\dr1\jp\cg\climax_02\dst\ch2_comic_008.tga
H:\Danganronpa\Development\Source\grp\dr1\jp\cg\climax_02\dst\ch2_comic_009.tga
H:\Danganronpa\Development\Source\grp\dr1\jp\cg\climax_02\dst\ch2_comic_010.tga
H:\Danganronpa\Development\Source\grp\dr1\jp\cg\climax_02\dst\ch2_koma_000.tga
H:\Danganronpa\Development\Source\grp\dr1\jp\cg\climax_02\dst\ch2_koma_001.tga
H:\Danganronpa\Development\Source\grp\dr1\jp\cg\climax_02\dst\ch2_koma_002.tga
H:\Danganronpa\Development\Source\grp\dr1\jp\cg\climax_02\dst\ch2_koma_003.tga
H:\Danganronpa\Development\Source\grp\dr1\jp\cg\climax_02\dst\ch2_koma_004.tga
H:\Danganronpa\Development\Source\grp\dr1\jp\cg\climax_02\dst\ch2_koma_005.tga
H:\Danganronpa\Development\Source\grp\dr1\jp\cg\climax_02\dst\ch2_koma_006.tga
H:\Danganronpa\Development\Source\grp\dr1\jp\cg\climax_02\dst\ch2_koma_007.tga
H:\Danganronpa\Development\Source\grp\dr1\jp\cg\climax_02\dst\ch2_koma_008.tga
H:\Danganronpa\Development\Source\grp\dr1\jp\cg\climax_02\dst\ch2_koma_009.tga
H:\Danganronpa\Development\Source\grp\dr1\jp\cg\climax_02\dst\ch2_koma_010.tga
H:\Danganronpa\Development\Source\grp\dr1\jp\cg\climax_02\dst\ch2_koma_011.tga
H:\Danganronpa\Development\Source\grp\dr1\jp\cg\climax_02\dst\ch2_koma_012.tga
H:\Danganronpa\Development\Source\grp\dr1\jp\cg\climax_02\dst\ch2_koma_013.tga
H:\Danganronpa\Development\Source\grp\dr1\jp\cg\climax_02\dst\ch2_koma_014.tga
H:\Danganronpa\Development\Source\grp\dr1\jp\cg\climax_02\dst\ch2_koma_015.tga
H:\Danganronpa\Development\Source\grp\dr1\jp\cg\climax_02\dst\ch2_koma_016.tga
H:\Danganronpa\Development\Source\grp\dr1\jp\cg\climax_02\dst\ch2_koma_017.tga
