fla_411.sfl
dst\stick_000.tga
dst\beta.tga
dst\puff_000.tga
dst\puff_001.tga
dst\suka_000.tga
dst\poka_000.tga
dst\namida_003.tga
dst\namida_002.tga
dst\namida_001.tga
dst\namida_000.tga
dst\namida2_005.tga
dst\namida2_003.tga
dst\namida2_004.tga
dst\namida2_002.tga
dst\namida2_001.tga
dst\namida2_000.tga
dst\monomi_body_000.tga
dst\monokuma_01_000.tga
dst\menyo_000.tga
dst\line_003.tga
dst\line_002.tga
dst\line_001.tga
dst\line_000.tga
dst\kyapu_000.tga
dst\komono_003.tga
dst\komono_002.tga
dst\komono_001.tga
dst\komono_000.tga
dst\kira_000.tga
dst\hand_003.tga
dst\hand_002.tga
dst\hand_001.tga
dst\hand_000.tga
dst\fog_s_005.tga
dst\fog_s_004.tga
dst\fog_s_003.tga
dst\fog_s_002.tga
dst\fog_s_001.tga
dst\fog_s_000.tga
dst\fog_m_012.tga
dst\fog_m_011.tga
dst\fog_m_010.tga
dst\fog_m_009.tga
dst\fog_m_008.tga
dst\fog_m_007.tga
dst\fog_m_006.tga
dst\fog_m_005.tga
dst\fog_m_004.tga
dst\fog_m_003.tga
dst\fog_m_002.tga
dst\fog_m_001.tga
dst\fog_m_000.tga
dst\fog_lll2_003.tga
dst\fog_lll2_002.tga
dst\fog_lll2_001.tga
dst\fog_lll2_000.tga
dst\fog_ll_000.tga
dst\fog_l_003.tga
dst\fog_l_002.tga
dst\fog_l_001.tga
dst\fog_l_000.tga
dst\face_001.tga
dst\face_000.tga
dst\cyuu_000.tga
dst\bg_gion_000.tga
dst\bg_002.tga
dst\bg_001.tga
dst\bg_000.tga
